// Jest Snapshot v1, https://goo.gl/fbAQLP

exports[`HealthDetails renders deployments failure 1`] = `
<div
  key="0"
>
  <strong>
     Traffic Status (Last 1m)
     
  </strong>
  <ul
    style={
      Object {
        "listStyleType": "none",
        "paddingLeft": 12,
      }
    }
  />
</div>
`;

exports[`HealthDetails renders healthy 1`] = `
<div
  key="0"
>
  <strong>
     Traffic Status (Last 1m)
     
  </strong>
  <ul
    style={
      Object {
        "listStyleType": "none",
        "paddingLeft": 12,
      }
    }
  />
</div>
`;
