// Jest Snapshot v1, https://goo.gl/fbAQLP

exports[`ProxyStatusList when status is empty match the snapshot 1`] = `null`;

exports[`ProxyStatusList when there are statuses match the snapshot 1`] = `
<Split
  gutter="sm"
>
  <SplitItem
    className="f44l9nu"
  >
    reviews-v1-12gaas-2as
  </SplitItem>
  <SplitItem>
    <Flex
      style={
        Object {
          "flex": "inlineFlex",
        }
      }
    >
       
      <FlexItem
        key="proxy-status-0"
      >
        <Text
          className="f1dm535y"
          component="small"
        >
          CDS: NOT_SENT
        </Text>
      </FlexItem>
      <FlexItem
        key="proxy-status-1"
      >
        <Text
          className="f1dm535y"
          component="small"
        >
          RDS: STALE
        </Text>
      </FlexItem>
       
    </Flex>
  </SplitItem>
</Split>
`;
