// Jest Snapshot v1, https://goo.gl/fbAQLP

exports[`#ServiceInfoWorkload render correctly with data should render service pods 1`] = `
ShallowWrapper {
  "length": 1,
  Symbol(enzyme.__root__): [Circular],
  Symbol(enzyme.__unrendered__): <ServiceInfoWorkload
    workloads={
      Array [
        Object {
          "labels": Object {
            "app": "reviews",
            "version": "v2",
          },
          "name": "reviews-v2",
          "namespace": Object {
            "name": "bookinfo",
          },
        },
        Object {
          "labels": Object {
            "app": "reviews",
            "version": "v3",
          },
          "name": "reviews-v3",
          "namespace": Object {
            "name": "bookinfo",
          },
        },
        Object {
          "labels": Object {
            "app": "reviews",
            "version": "v1",
          },
          "name": "reviews-v1",
          "namespace": Object {
            "name": "bookinfo",
          },
        },
      ]
    }
  />,
  Symbol(enzyme.__renderer__): Object {
    "batchedUpdates": [Function],
    "getNode": [Function],
    "render": [Function],
    "simulateEvent": [Function],
    "unmount": [Function],
  },
  Symbol(enzyme.__node__): Object {
    "instance": null,
    "key": undefined,
    "nodeType": "host",
    "props": Object {
      "children": <Row
        bsClass="row"
        className="row-cards-pf"
        componentClass="div"
      >
        <Col
          bsClass="col"
          componentClass="div"
          lg={12}
          md={12}
          sm={12}
          xs={12}
        >
          <div
            className="card-pf-body"
          >
            <h3>
              reviews-v2
            </h3>
            <div
              className="label-collection"
            >
              <Label
                name="app"
                value="reviews"
              />
              <Label
                name="version"
                value="v2"
              />
            </div>
            <hr />
          </div>
          <div
            className="card-pf-body"
          >
            <h3>
              reviews-v3
            </h3>
            <div
              className="label-collection"
            >
              <Label
                name="app"
                value="reviews"
              />
              <Label
                name="version"
                value="v3"
              />
            </div>
            <hr />
          </div>
          <div
            className="card-pf-body"
          >
            <h3>
              reviews-v1
            </h3>
            <div
              className="label-collection"
            >
              <Label
                name="app"
                value="reviews"
              />
              <Label
                name="version"
                value="v1"
              />
            </div>
            <hr />
          </div>
        </Col>
      </Row>,
      "className": "card-pf",
    },
    "ref": null,
    "rendered": Object {
      "instance": null,
      "key": undefined,
      "nodeType": "class",
      "props": Object {
        "bsClass": "row",
        "children": <Col
          bsClass="col"
          componentClass="div"
          lg={12}
          md={12}
          sm={12}
          xs={12}
        >
          <div
            className="card-pf-body"
          >
            <h3>
              reviews-v2
            </h3>
            <div
              className="label-collection"
            >
              <Label
                name="app"
                value="reviews"
              />
              <Label
                name="version"
                value="v2"
              />
            </div>
            <hr />
          </div>
          <div
            className="card-pf-body"
          >
            <h3>
              reviews-v3
            </h3>
            <div
              className="label-collection"
            >
              <Label
                name="app"
                value="reviews"
              />
              <Label
                name="version"
                value="v3"
              />
            </div>
            <hr />
          </div>
          <div
            className="card-pf-body"
          >
            <h3>
              reviews-v1
            </h3>
            <div
              className="label-collection"
            >
              <Label
                name="app"
                value="reviews"
              />
              <Label
                name="version"
                value="v1"
              />
            </div>
            <hr />
          </div>
        </Col>,
        "className": "row-cards-pf",
        "componentClass": "div",
      },
      "ref": null,
      "rendered": Object {
        "instance": null,
        "key": undefined,
        "nodeType": "class",
        "props": Object {
          "bsClass": "col",
          "children": Array [
            <div
              className="card-pf-body"
            >
              <h3>
                reviews-v2
              </h3>
              <div
                className="label-collection"
              >
                <Label
                  name="app"
                  value="reviews"
                />
                <Label
                  name="version"
                  value="v2"
                />
              </div>
              <hr />
            </div>,
            <div
              className="card-pf-body"
            >
              <h3>
                reviews-v3
              </h3>
              <div
                className="label-collection"
              >
                <Label
                  name="app"
                  value="reviews"
                />
                <Label
                  name="version"
                  value="v3"
                />
              </div>
              <hr />
            </div>,
            <div
              className="card-pf-body"
            >
              <h3>
                reviews-v1
              </h3>
              <div
                className="label-collection"
              >
                <Label
                  name="app"
                  value="reviews"
                />
                <Label
                  name="version"
                  value="v1"
                />
              </div>
              <hr />
            </div>,
          ],
          "componentClass": "div",
          "lg": 12,
          "md": 12,
          "sm": 12,
          "xs": 12,
        },
        "ref": null,
        "rendered": Array [
          Object {
            "instance": null,
            "key": "workloads_0",
            "nodeType": "host",
            "props": Object {
              "children": Array [
                <h3>
                  reviews-v2
                </h3>,
                <div
                  className="label-collection"
                >
                  <Label
                    name="app"
                    value="reviews"
                  />
                  <Label
                    name="version"
                    value="v2"
                  />
                </div>,
                <hr />,
              ],
              "className": "card-pf-body",
            },
            "ref": null,
            "rendered": Array [
              Object {
                "instance": null,
                "key": undefined,
                "nodeType": "host",
                "props": Object {
                  "children": "reviews-v2",
                },
                "ref": null,
                "rendered": "reviews-v2",
                "type": "h3",
              },
              Object {
                "instance": null,
                "key": "labels",
                "nodeType": "host",
                "props": Object {
                  "children": Array [
                    <Label
                      name="app"
                      value="reviews"
                    />,
                    <Label
                      name="version"
                      value="v2"
                    />,
                  ],
                  "className": "label-collection",
                },
                "ref": null,
                "rendered": Array [
                  Object {
                    "instance": null,
                    "key": "workload_0",
                    "nodeType": "class",
                    "props": Object {
                      "name": "app",
                      "value": "reviews",
                    },
                    "ref": null,
                    "rendered": null,
                    "type": [Function],
                  },
                  Object {
                    "instance": null,
                    "key": "workload_1",
                    "nodeType": "class",
                    "props": Object {
                      "name": "version",
                      "value": "v2",
                    },
                    "ref": null,
                    "rendered": null,
                    "type": [Function],
                  },
                ],
                "type": "div",
              },
              Object {
                "instance": null,
                "key": undefined,
                "nodeType": "host",
                "props": Object {},
                "ref": null,
                "rendered": null,
                "type": "hr",
              },
            ],
            "type": "div",
          },
          Object {
            "instance": null,
            "key": "workloads_1",
            "nodeType": "host",
            "props": Object {
              "children": Array [
                <h3>
                  reviews-v3
                </h3>,
                <div
                  className="label-collection"
                >
                  <Label
                    name="app"
                    value="reviews"
                  />
                  <Label
                    name="version"
                    value="v3"
                  />
                </div>,
                <hr />,
              ],
              "className": "card-pf-body",
            },
            "ref": null,
            "rendered": Array [
              Object {
                "instance": null,
                "key": undefined,
                "nodeType": "host",
                "props": Object {
                  "children": "reviews-v3",
                },
                "ref": null,
                "rendered": "reviews-v3",
                "type": "h3",
              },
              Object {
                "instance": null,
                "key": "labels",
                "nodeType": "host",
                "props": Object {
                  "children": Array [
                    <Label
                      name="app"
                      value="reviews"
                    />,
                    <Label
                      name="version"
                      value="v3"
                    />,
                  ],
                  "className": "label-collection",
                },
                "ref": null,
                "rendered": Array [
                  Object {
                    "instance": null,
                    "key": "workload_0",
                    "nodeType": "class",
                    "props": Object {
                      "name": "app",
                      "value": "reviews",
                    },
                    "ref": null,
                    "rendered": null,
                    "type": [Function],
                  },
                  Object {
                    "instance": null,
                    "key": "workload_1",
                    "nodeType": "class",
                    "props": Object {
                      "name": "version",
                      "value": "v3",
                    },
                    "ref": null,
                    "rendered": null,
                    "type": [Function],
                  },
                ],
                "type": "div",
              },
              Object {
                "instance": null,
                "key": undefined,
                "nodeType": "host",
                "props": Object {},
                "ref": null,
                "rendered": null,
                "type": "hr",
              },
            ],
            "type": "div",
          },
          Object {
            "instance": null,
            "key": "workloads_2",
            "nodeType": "host",
            "props": Object {
              "children": Array [
                <h3>
                  reviews-v1
                </h3>,
                <div
                  className="label-collection"
                >
                  <Label
                    name="app"
                    value="reviews"
                  />
                  <Label
                    name="version"
                    value="v1"
                  />
                </div>,
                <hr />,
              ],
              "className": "card-pf-body",
            },
            "ref": null,
            "rendered": Array [
              Object {
                "instance": null,
                "key": undefined,
                "nodeType": "host",
                "props": Object {
                  "children": "reviews-v1",
                },
                "ref": null,
                "rendered": "reviews-v1",
                "type": "h3",
              },
              Object {
                "instance": null,
                "key": "labels",
                "nodeType": "host",
                "props": Object {
                  "children": Array [
                    <Label
                      name="app"
                      value="reviews"
                    />,
                    <Label
                      name="version"
                      value="v1"
                    />,
                  ],
                  "className": "label-collection",
                },
                "ref": null,
                "rendered": Array [
                  Object {
                    "instance": null,
                    "key": "workload_0",
                    "nodeType": "class",
                    "props": Object {
                      "name": "app",
                      "value": "reviews",
                    },
                    "ref": null,
                    "rendered": null,
                    "type": [Function],
                  },
                  Object {
                    "instance": null,
                    "key": "workload_1",
                    "nodeType": "class",
                    "props": Object {
                      "name": "version",
                      "value": "v1",
                    },
                    "ref": null,
                    "rendered": null,
                    "type": [Function],
                  },
                ],
                "type": "div",
              },
              Object {
                "instance": null,
                "key": undefined,
                "nodeType": "host",
                "props": Object {},
                "ref": null,
                "rendered": null,
                "type": "hr",
              },
            ],
            "type": "div",
          },
        ],
        "type": [Function],
      },
      "type": [Function],
    },
    "type": "div",
  },
  Symbol(enzyme.__nodes__): Array [
    Object {
      "instance": null,
      "key": undefined,
      "nodeType": "host",
      "props": Object {
        "children": <Row
          bsClass="row"
          className="row-cards-pf"
          componentClass="div"
        >
          <Col
            bsClass="col"
            componentClass="div"
            lg={12}
            md={12}
            sm={12}
            xs={12}
          >
            <div
              className="card-pf-body"
            >
              <h3>
                reviews-v2
              </h3>
              <div
                className="label-collection"
              >
                <Label
                  name="app"
                  value="reviews"
                />
                <Label
                  name="version"
                  value="v2"
                />
              </div>
              <hr />
            </div>
            <div
              className="card-pf-body"
            >
              <h3>
                reviews-v3
              </h3>
              <div
                className="label-collection"
              >
                <Label
                  name="app"
                  value="reviews"
                />
                <Label
                  name="version"
                  value="v3"
                />
              </div>
              <hr />
            </div>
            <div
              className="card-pf-body"
            >
              <h3>
                reviews-v1
              </h3>
              <div
                className="label-collection"
              >
                <Label
                  name="app"
                  value="reviews"
                />
                <Label
                  name="version"
                  value="v1"
                />
              </div>
              <hr />
            </div>
          </Col>
        </Row>,
        "className": "card-pf",
      },
      "ref": null,
      "rendered": Object {
        "instance": null,
        "key": undefined,
        "nodeType": "class",
        "props": Object {
          "bsClass": "row",
          "children": <Col
            bsClass="col"
            componentClass="div"
            lg={12}
            md={12}
            sm={12}
            xs={12}
          >
            <div
              className="card-pf-body"
            >
              <h3>
                reviews-v2
              </h3>
              <div
                className="label-collection"
              >
                <Label
                  name="app"
                  value="reviews"
                />
                <Label
                  name="version"
                  value="v2"
                />
              </div>
              <hr />
            </div>
            <div
              className="card-pf-body"
            >
              <h3>
                reviews-v3
              </h3>
              <div
                className="label-collection"
              >
                <Label
                  name="app"
                  value="reviews"
                />
                <Label
                  name="version"
                  value="v3"
                />
              </div>
              <hr />
            </div>
            <div
              className="card-pf-body"
            >
              <h3>
                reviews-v1
              </h3>
              <div
                className="label-collection"
              >
                <Label
                  name="app"
                  value="reviews"
                />
                <Label
                  name="version"
                  value="v1"
                />
              </div>
              <hr />
            </div>
          </Col>,
          "className": "row-cards-pf",
          "componentClass": "div",
        },
        "ref": null,
        "rendered": Object {
          "instance": null,
          "key": undefined,
          "nodeType": "class",
          "props": Object {
            "bsClass": "col",
            "children": Array [
              <div
                className="card-pf-body"
              >
                <h3>
                  reviews-v2
                </h3>
                <div
                  className="label-collection"
                >
                  <Label
                    name="app"
                    value="reviews"
                  />
                  <Label
                    name="version"
                    value="v2"
                  />
                </div>
                <hr />
              </div>,
              <div
                className="card-pf-body"
              >
                <h3>
                  reviews-v3
                </h3>
                <div
                  className="label-collection"
                >
                  <Label
                    name="app"
                    value="reviews"
                  />
                  <Label
                    name="version"
                    value="v3"
                  />
                </div>
                <hr />
              </div>,
              <div
                className="card-pf-body"
              >
                <h3>
                  reviews-v1
                </h3>
                <div
                  className="label-collection"
                >
                  <Label
                    name="app"
                    value="reviews"
                  />
                  <Label
                    name="version"
                    value="v1"
                  />
                </div>
                <hr />
              </div>,
            ],
            "componentClass": "div",
            "lg": 12,
            "md": 12,
            "sm": 12,
            "xs": 12,
          },
          "ref": null,
          "rendered": Array [
            Object {
              "instance": null,
              "key": "workloads_0",
              "nodeType": "host",
              "props": Object {
                "children": Array [
                  <h3>
                    reviews-v2
                  </h3>,
                  <div
                    className="label-collection"
                  >
                    <Label
                      name="app"
                      value="reviews"
                    />
                    <Label
                      name="version"
                      value="v2"
                    />
                  </div>,
                  <hr />,
                ],
                "className": "card-pf-body",
              },
              "ref": null,
              "rendered": Array [
                Object {
                  "instance": null,
                  "key": undefined,
                  "nodeType": "host",
                  "props": Object {
                    "children": "reviews-v2",
                  },
                  "ref": null,
                  "rendered": "reviews-v2",
                  "type": "h3",
                },
                Object {
                  "instance": null,
                  "key": "labels",
                  "nodeType": "host",
                  "props": Object {
                    "children": Array [
                      <Label
                        name="app"
                        value="reviews"
                      />,
                      <Label
                        name="version"
                        value="v2"
                      />,
                    ],
                    "className": "label-collection",
                  },
                  "ref": null,
                  "rendered": Array [
                    Object {
                      "instance": null,
                      "key": "workload_0",
                      "nodeType": "class",
                      "props": Object {
                        "name": "app",
                        "value": "reviews",
                      },
                      "ref": null,
                      "rendered": null,
                      "type": [Function],
                    },
                    Object {
                      "instance": null,
                      "key": "workload_1",
                      "nodeType": "class",
                      "props": Object {
                        "name": "version",
                        "value": "v2",
                      },
                      "ref": null,
                      "rendered": null,
                      "type": [Function],
                    },
                  ],
                  "type": "div",
                },
                Object {
                  "instance": null,
                  "key": undefined,
                  "nodeType": "host",
                  "props": Object {},
                  "ref": null,
                  "rendered": null,
                  "type": "hr",
                },
              ],
              "type": "div",
            },
            Object {
              "instance": null,
              "key": "workloads_1",
              "nodeType": "host",
              "props": Object {
                "children": Array [
                  <h3>
                    reviews-v3
                  </h3>,
                  <div
                    className="label-collection"
                  >
                    <Label
                      name="app"
                      value="reviews"
                    />
                    <Label
                      name="version"
                      value="v3"
                    />
                  </div>,
                  <hr />,
                ],
                "className": "card-pf-body",
              },
              "ref": null,
              "rendered": Array [
                Object {
                  "instance": null,
                  "key": undefined,
                  "nodeType": "host",
                  "props": Object {
                    "children": "reviews-v3",
                  },
                  "ref": null,
                  "rendered": "reviews-v3",
                  "type": "h3",
                },
                Object {
                  "instance": null,
                  "key": "labels",
                  "nodeType": "host",
                  "props": Object {
                    "children": Array [
                      <Label
                        name="app"
                        value="reviews"
                      />,
                      <Label
                        name="version"
                        value="v3"
                      />,
                    ],
                    "className": "label-collection",
                  },
                  "ref": null,
                  "rendered": Array [
                    Object {
                      "instance": null,
                      "key": "workload_0",
                      "nodeType": "class",
                      "props": Object {
                        "name": "app",
                        "value": "reviews",
                      },
                      "ref": null,
                      "rendered": null,
                      "type": [Function],
                    },
                    Object {
                      "instance": null,
                      "key": "workload_1",
                      "nodeType": "class",
                      "props": Object {
                        "name": "version",
                        "value": "v3",
                      },
                      "ref": null,
                      "rendered": null,
                      "type": [Function],
                    },
                  ],
                  "type": "div",
                },
                Object {
                  "instance": null,
                  "key": undefined,
                  "nodeType": "host",
                  "props": Object {},
                  "ref": null,
                  "rendered": null,
                  "type": "hr",
                },
              ],
              "type": "div",
            },
            Object {
              "instance": null,
              "key": "workloads_2",
              "nodeType": "host",
              "props": Object {
                "children": Array [
                  <h3>
                    reviews-v1
                  </h3>,
                  <div
                    className="label-collection"
                  >
                    <Label
                      name="app"
                      value="reviews"
                    />
                    <Label
                      name="version"
                      value="v1"
                    />
                  </div>,
                  <hr />,
                ],
                "className": "card-pf-body",
              },
              "ref": null,
              "rendered": Array [
                Object {
                  "instance": null,
                  "key": undefined,
                  "nodeType": "host",
                  "props": Object {
                    "children": "reviews-v1",
                  },
                  "ref": null,
                  "rendered": "reviews-v1",
                  "type": "h3",
                },
                Object {
                  "instance": null,
                  "key": "labels",
                  "nodeType": "host",
                  "props": Object {
                    "children": Array [
                      <Label
                        name="app"
                        value="reviews"
                      />,
                      <Label
                        name="version"
                        value="v1"
                      />,
                    ],
                    "className": "label-collection",
                  },
                  "ref": null,
                  "rendered": Array [
                    Object {
                      "instance": null,
                      "key": "workload_0",
                      "nodeType": "class",
                      "props": Object {
                        "name": "app",
                        "value": "reviews",
                      },
                      "ref": null,
                      "rendered": null,
                      "type": [Function],
                    },
                    Object {
                      "instance": null,
                      "key": "workload_1",
                      "nodeType": "class",
                      "props": Object {
                        "name": "version",
                        "value": "v1",
                      },
                      "ref": null,
                      "rendered": null,
                      "type": [Function],
                    },
                  ],
                  "type": "div",
                },
                Object {
                  "instance": null,
                  "key": undefined,
                  "nodeType": "host",
                  "props": Object {},
                  "ref": null,
                  "rendered": null,
                  "type": "hr",
                },
              ],
              "type": "div",
            },
          ],
          "type": [Function],
        },
        "type": [Function],
      },
      "type": "div",
    },
  ],
  Symbol(enzyme.__options__): Object {
    "adapter": ReactSixteenAdapter {
      "options": Object {
        "enableComponentDidUpdateOnSetState": true,
      },
    },
  },
}
`;
